// Jest Snapshot v1, https://goo.gl/fbAQLP

exports[`Pruebas en CounterApp Debe hcaer match con el snapxhot 1`] = `
<div>
  <h1>
    CounterApp
  </h1>
  <h1
    aria-label="counter"
  >
     
    100
     
  </h1>
  <button>
    -1
  </button>
  <button>
    +1
  </button>
  <button
    id="reset"
  >
    reset
  </button>
</div>
`;
